exports[`(Component) <DownloadButton /> Render correct 1`] = `
<Highlight
  className="language-c">
  foo
</Highlight>
`;
